[    0.000000] Initializing cgroup subsys cpuset
[    0.000000] Initializing cgroup subsys cpu
[    0.000000] Initializing cgroup subsys cpuacct
[    0.000000] Linux version 4.4.0-98-generic (buildd@lcy01-03) (gcc version 5.4.0 20160609 (Ubuntu 5.4.0-6ubuntu1~16.04.4) ) #121-Ubuntu SMP Tue Oct 10 14:24:03 UTC 2017 (Ubuntu 4.4.0-98.121-generic 4.4.90)
[    0.000000] Command line: BOOT_IMAGE=/boot/vmlinuz-4.4.0-98-generic root=LABEL=cloudimg-rootfs ro console=tty1 console=ttyS0
[    0.000000] KERNEL supported cpus:
[    0.000000]   Intel GenuineIntel
[    0.000000]   AMD AuthenticAMD
[    0.000000]   Centaur CentaurHauls
[    0.000000] x86/fpu: Legacy x87 FPU detected.
[    0.000000] x86/fpu: Using 'lazy' FPU context switches.
[    0.000000] e820: BIOS-provided physical RAM map:
[    0.000000] BIOS-e820: [mem 0x0000000000000000-0x000000000009fbff] usable
[    0.000000] BIOS-e820: [mem 0x000000000009fc00-0x000000000009ffff] reserved
[    0.000000] BIOS-e820: [mem 0x00000000000f0000-0x00000000000fffff] reserved
[    0.000000] BIOS-e820: [mem 0x0000000000100000-0x000000007ffeffff] usable
[    0.000000] BIOS-e820: [mem 0x000000007fff0000-0x000000007fffffff] ACPI data
[    0.000000] BIOS-e820: [mem 0x00000000fec00000-0x00000000fec00fff] reserved
[    0.000000] BIOS-e820: [mem 0x00000000fee00000-0x00000000fee00fff] reserved
[    0.000000] BIOS-e820: [mem 0x00000000fffc0000-0x00000000ffffffff] reserved
[    0.000000] NX (Execute Disable) protection: active
[    0.000000] SMBIOS 2.5 present.
[    0.000000] Hypervisor detected: KVM
[    0.000000] e820: last_pfn = 0x7fff0 max_arch_pfn = 0x400000000
[    0.000000] MTRR: Disabled
[    0.000000] x86/PAT: MTRRs disabled, skipping PAT initialization too.
[    0.000000] CPU MTRRs all blank - virtualized system.
[    0.000000] x86/PAT: Configuration [0-7]: WB  WT  UC- UC  WB  WT  UC- UC  
[    0.000000] found SMP MP-table at [mem 0x0009fff0-0x0009ffff] mapped at [ffff88000009fff0]
[    0.000000] Scanning 1 areas for low memory corruption
[    0.000000] RAMDISK: [mem 0x36acc000-0x3755dfff]
[    0.000000] ACPI: Early table checksum verification disabled
[    0.000000] ACPI: RSDP 0x00000000000E0000 000024 (v02 VBOX  )
[    0.000000] ACPI: XSDT 0x000000007FFF0030 00003C (v01 VBOX   VBOXXSDT 00000001 ASL  00000061)
[    0.000000] ACPI: FACP 0x000000007FFF00F0 0000F4 (v04 VBOX   VBOXFACP 00000001 ASL  00000061)
[    0.000000] ACPI: DSDT 0x000000007FFF0470 0021FF (v02 VBOX   VBOXBIOS 00000002 INTL 20100528)
[    0.000000] ACPI: FACS 0x000000007FFF0200 000040
[    0.000000] ACPI: FACS 0x000000007FFF0200 000040
[    0.000000] ACPI: APIC 0x000000007FFF0240 00005C (v02 VBOX   VBOXAPIC 00000001 ASL  00000061)
[    0.000000] ACPI: SSDT 0x000000007FFF02A0 0001CC (v01 VBOX   VBOXCPUT 00000002 INTL 20100528)
[    0.000000] No NUMA configuration found
[    0.000000] Faking a node at [mem 0x0000000000000000-0x000000007ffeffff]
[    0.000000] NODE_DATA(0) allocated [mem 0x7ffeb000-0x7ffeffff]
[    0.000000] kvm-clock: Using msrs 4b564d01 and 4b564d00
[    0.000000] kvm-clock: cpu 0, msr 0:7ffe3001, primary cpu clock
[    0.000000] kvm-clock: using sched offset of 3226262164 cycles
[    0.000000] clocksource: kvm-clock: mask: 0xffffffffffffffff max_cycles: 0x1cd42e4dffb, max_idle_ns: 881590591483 ns
[    0.000000] Zone ranges:
[    0.000000]   DMA      [mem 0x0000000000001000-0x0000000000ffffff]
[    0.000000]   DMA32    [mem 0x0000000001000000-0x000000007ffeffff]
[    0.000000]   Normal   empty
[    0.000000]   Device   empty
[    0.000000] Movable zone start for each node
[    0.000000] Early memory node ranges
[    0.000000]   node   0: [mem 0x0000000000001000-0x000000000009efff]
[    0.000000]   node   0: [mem 0x0000000000100000-0x000000007ffeffff]
[    0.000000] Initmem setup node 0 [mem 0x0000000000001000-0x000000007ffeffff]
[    0.000000] ACPI: PM-Timer IO Port: 0x4008
[    0.000000] IOAPIC[0]: apic_id 2, version 32, address 0xfec00000, GSI 0-23
[    0.000000] ACPI: INT_SRC_OVR (bus 0 bus_irq 0 global_irq 2 dfl dfl)
[    0.000000] ACPI: INT_SRC_OVR (bus 0 bus_irq 9 global_irq 9 high level)
[    0.000000] Using ACPI (MADT) for SMP configuration information
[    0.000000] smpboot: Allowing 2 CPUs, 0 hotplug CPUs
[    0.000000] PM: Registered nosave memory: [mem 0x00000000-0x00000fff]
[    0.000000] PM: Registered nosave memory: [mem 0x0009f000-0x0009ffff]
[    0.000000] PM: Registered nosave memory: [mem 0x000a0000-0x000effff]
[    0.000000] PM: Registered nosave memory: [mem 0x000f0000-0x000fffff]
[    0.000000] e820: [mem 0x80000000-0xfebfffff] available for PCI devices
[    0.000000] Booting paravirtualized kernel on KVM
[    0.000000] clocksource: refined-jiffies: mask: 0xffffffff max_cycles: 0xffffffff, max_idle_ns: 7645519600211568 ns
[    0.000000] setup_percpu: NR_CPUS:512 nr_cpumask_bits:512 nr_cpu_ids:2 nr_node_ids:1
[    0.000000] PERCPU: Embedded 34 pages/cpu @ffff88007fc00000 s98328 r8192 d32744 u1048576
[    0.000000] PV qspinlock hash table entries: 256 (order: 0, 4096 bytes)
[    0.000000] Built 1 zonelists in Node order, mobility grouping on.  Total pages: 515961
[    0.000000] Policy zone: DMA32
[    0.000000] Kernel command line: BOOT_IMAGE=/boot/vmlinuz-4.4.0-98-generic root=LABEL=cloudimg-rootfs ro console=tty1 console=ttyS0
[    0.000000] PID hash table entries: 4096 (order: 3, 32768 bytes)
[    0.000000] Memory: 2033932K/2096696K available (8484K kernel code, 1294K rwdata, 3988K rodata, 1492K init, 1316K bss, 62764K reserved, 0K cma-reserved)
[    0.000000] SLUB: HWalign=64, Order=0-3, MinObjects=0, CPUs=2, Nodes=1
[    0.000000] Hierarchical RCU implementation.
[    0.000000] 	Build-time adjustment of leaf fanout to 64.
[    0.000000] 	RCU restricting CPUs from NR_CPUS=512 to nr_cpu_ids=2.
[    0.000000] RCU: Adjusting geometry for rcu_fanout_leaf=64, nr_cpu_ids=2
[    0.000000] NR_IRQS:33024 nr_irqs:440 16
[    0.000000] Console: colour VGA+ 80x25
[    0.000000] console [tty1] enabled
[    0.000000] console [ttyS0] enabled
[    0.000000] tsc: Detected 3191.980 MHz processor
[    1.078745] Calibrating delay loop (skipped) preset value.. 6383.96 BogoMIPS (lpj=12767920)
[    1.136081] pid_max: default: 32768 minimum: 301
[    1.137390] ACPI: Core revision 20150930
[    1.140444] ACPI: 2 ACPI AML tables successfully acquired and loaded
[    1.160234] Security Framework initialized
[    1.164667] Yama: becoming mindful.
[    1.170021] AppArmor: AppArmor initialized
[    1.175610] Dentry cache hash table entries: 262144 (order: 9, 2097152 bytes)
[    1.180352] Inode-cache hash table entries: 131072 (order: 8, 1048576 bytes)
[    1.184254] Mount-cache hash table entries: 4096 (order: 3, 32768 bytes)
[    1.205219] Mountpoint-cache hash table entries: 4096 (order: 3, 32768 bytes)
[    1.224230] Initializing cgroup subsys io
[    1.260096] Initializing cgroup subsys memory
[    1.291425] Initializing cgroup subsys devices
[    1.294766] Initializing cgroup subsys freezer
[    1.295912] Initializing cgroup subsys net_cls
[    1.318852] Initializing cgroup subsys perf_event
[    1.319805] Initializing cgroup subsys net_prio
[    1.320686] Initializing cgroup subsys hugetlb
[    1.330307] Initializing cgroup subsys pids
[    1.331261] CPU: Physical Processor ID: 0
[    1.332044] CPU: Processor Core ID: 0
[    1.332804] mce: CPU supports 0 MCE banks
[    1.333600] Last level iTLB entries: 4KB 512, 2MB 7, 4MB 7
[    1.334624] Last level dTLB entries: 4KB 512, 2MB 32, 4MB 32, 1GB 0
[    1.357533] Freeing SMP alternatives memory: 32K
[    1.402638] ftrace: allocating 32154 entries in 126 pages
[    1.498736] smpboot: APIC(0) Converting physical 0 to logical package 0
[    1.536006] smpboot: Max logical packages: 1
[    1.539366] x2apic enabled
[    1.540390] Switched APIC routing to physical x2apic.
[    1.556038] ..TIMER: vector=0x30 apic1=0 pin1=2 apic2=-1 pin2=-1
[    1.725744] smpboot: CPU0: Intel(R) Core(TM) i5 CPU         650  @ 3.20GHz (family: 0x6, model: 0x25, stepping: 0x5)
[    1.781323] Performance Events: unsupported p6 CPU model 37 no PMU driver, software events only.
[    1.818351] KVM setup paravirtual spinlock
[    1.827018] x86: Booting SMP configuration:
[    1.828373] .... node  #0, CPUs:      #1
[    1.830030] kvm-clock: cpu 1, msr 0:7ffe3041, secondary cpu clock
[    1.831139] mce: CPU supports 0 MCE banks
[    1.840078] x86: Booted up 1 node, 2 CPUs
[    1.846086] smpboot: Total of 2 processors activated (12767.92 BogoMIPS)
[    1.848515] devtmpfs: initialized
[    1.851667] evm: security.selinux
[    1.859018] evm: security.SMACK64
[    1.859969] evm: security.SMACK64EXEC
[    1.861108] evm: security.SMACK64TRANSMUTE
[    1.866451] evm: security.SMACK64MMAP
[    1.879221] evm: security.ima
[    1.891185] evm: security.capability
[    1.893701] clocksource: jiffies: mask: 0xffffffff max_cycles: 0xffffffff, max_idle_ns: 7645041785100000 ns
[    1.907821] futex hash table entries: 512 (order: 3, 32768 bytes)
[    1.912047] pinctrl core: initialized pinctrl subsystem
[    1.915380] RTC time: 16:36:32, date: 11/23/17
[    1.923193] NET: Registered protocol family 16
[    1.934082] cpuidle: using governor ladder
[    1.950152] cpuidle: using governor menu
[    1.957191] PCCT header not found.
[    1.961688] ACPI: bus type PCI registered
[    1.969917] acpiphp: ACPI Hot Plug PCI Controller Driver version: 0.5
[    1.971240] PCI: Using configuration type 1 for base access
[    1.982785] ACPI: Added _OSI(Module Device)
[    1.990902] ACPI: Added _OSI(Processor Device)
[    1.991845] ACPI: Added _OSI(3.0 _SCP Extensions)
[    1.995401] ACPI: Added _OSI(Processor Aggregator Device)
[    2.000449] ACPI: Executed 1 blocks of module-level executable AML code
[    2.013494] ACPI: Interpreter enabled
[    2.041131] ACPI: (supports S0 S5)
[    2.058680] ACPI: Using IOAPIC for interrupt routing
[    2.086879] PCI: Using host bridge windows from ACPI; if necessary, use "pci=nocrs" and report a bug
[    2.134753] ACPI: PCI Root Bridge [PCI0] (domain 0000 [bus 00-ff])
[    2.186326] acpi PNP0A03:00: _OSC: OS supports [ASPM ClockPM Segments MSI]
[    2.192095] acpi PNP0A03:00: _OSC: not requesting OS control; OS requires [ExtendedConfig ASPM ClockPM MSI]
[    2.210532] acpi PNP0A03:00: fail to add MMCONFIG information, can't access extended PCI configuration space under this bridge.
[    2.225793] PCI host bridge to bus 0000:00
[    2.233181] pci_bus 0000:00: root bus resource [io  0x0000-0x0cf7 window]
[    2.234562] pci_bus 0000:00: root bus resource [io  0x0d00-0xffff window]
[    2.240534] pci_bus 0000:00: root bus resource [mem 0x000a0000-0x000bffff window]
[    2.249204] pci_bus 0000:00: root bus resource [mem 0x80000000-0xffdfffff window]
[    2.287301] pci_bus 0000:00: root bus resource [bus 00-ff]
[    2.290151] pci 0000:00:01.1: legacy IDE quirk: reg 0x10: [io  0x01f0-0x01f7]
[    2.301741] pci 0000:00:01.1: legacy IDE quirk: reg 0x14: [io  0x03f6]
[    2.306405] pci 0000:00:01.1: legacy IDE quirk: reg 0x18: [io  0x0170-0x0177]
[    2.307694] pci 0000:00:01.1: legacy IDE quirk: reg 0x1c: [io  0x0376]
[    2.351114] pci 0000:00:07.0: quirk: [io  0x4000-0x403f] claimed by PIIX4 ACPI
[    2.381455] pci 0000:00:07.0: quirk: [io  0x4100-0x410f] claimed by PIIX4 SMB
[    2.410767] ACPI: PCI Interrupt Link [LNKA] (IRQs 5 9 10 *11)
[    2.459865] ACPI: PCI Interrupt Link [LNKB] (IRQs 5 9 10 *11)
[    2.487034] ACPI: PCI Interrupt Link [LNKC] (IRQs 5 9 *10 11)
[    2.512880] ACPI: PCI Interrupt Link [LNKD] (IRQs 5 *9 10 11)
[    2.530958] ACPI: Enabled 2 GPEs in block 00 to 07
[    2.536719] vgaarb: setting as boot device: PCI:0000:00:02.0
[    2.551174] vgaarb: device added: PCI:0000:00:02.0,decodes=io+mem,owns=io+mem,locks=none
[    2.589487] vgaarb: loaded
[    2.602095] vgaarb: bridge control possible 0000:00:02.0
[    2.637080] SCSI subsystem initialized
[    2.680206] ACPI: bus type USB registered
[    2.705709] usbcore: registered new interface driver usbfs
[    2.742507] usbcore: registered new interface driver hub
[    2.783550] usbcore: registered new device driver usb
[    2.801485] PCI: Using ACPI for IRQ routing
[    2.815415] NetLabel: Initializing
[    2.821517] NetLabel:  domain hash size = 128
[    2.834472] NetLabel:  protocols = UNLABELED CIPSOv4
[    2.846275] NetLabel:  unlabeled traffic allowed by default
[    2.857355] amd_nb: Cannot enumerate AMD northbridges
[    2.858964] clocksource: Switched to clocksource kvm-clock
[    2.874586] AppArmor: AppArmor Filesystem Enabled
[    2.893950] pnp: PnP ACPI init
[    2.896240] pnp: PnP ACPI: found 3 devices
[    2.908425] clocksource: acpi_pm: mask: 0xffffff max_cycles: 0xffffff, max_idle_ns: 2085701024 ns
[    2.916417] NET: Registered protocol family 2
[    2.918957] TCP established hash table entries: 16384 (order: 5, 131072 bytes)
[    2.924031] TCP bind hash table entries: 16384 (order: 6, 262144 bytes)
[    2.925797] TCP: Hash tables configured (established 16384 bind 16384)
[    2.981758] UDP hash table entries: 1024 (order: 3, 32768 bytes)
[    2.983240] UDP-Lite hash table entries: 1024 (order: 3, 32768 bytes)
[    2.985014] NET: Registered protocol family 1
[    3.007151] pci 0000:00:00.0: Limiting direct PCI/PCI transfers
[    3.016447] pci 0000:00:01.0: Activating ISA DMA hang workarounds
[    3.021985] Unpacking initramfs...
[    4.914705] Freeing initrd memory: 10824K
[    4.922619] platform rtc_cmos: registered platform RTC device (no PNP device found)
[    4.926075] Scanning for low memory corruption every 60 seconds
[    4.928006] audit: initializing netlink subsys (disabled)
[    4.929541] audit: type=2000 audit(1511454997.216:1): initialized
[    4.937372] Initialise system trusted keyring
[    4.940002] HugeTLB registered 2 MB page size, pre-allocated 0 pages
[    4.945470] zbud: loaded
[    4.946774] VFS: Disk quotas dquot_6.6.0
[    4.947820] VFS: Dquot-cache hash table entries: 512 (order 0, 4096 bytes)
[    4.950780] squashfs: version 4.0 (2009/01/31) Phillip Lougher
[    4.952479] fuse init (API version 7.23)
[    4.953576] Key type big_key registered
[    4.954535] Allocating IMA MOK and blacklist keyrings.
[    4.957394] Key type asymmetric registered
[    4.961175] Asymmetric key parser 'x509' registered
[    4.962404] Block layer SCSI generic (bsg) driver version 0.4 loaded (major 249)
[    4.964444] io scheduler noop registered
[    4.965435] io scheduler deadline registered (default)
[    4.968836] io scheduler cfq registered
[    4.971298] pci_hotplug: PCI Hot Plug PCI Core version: 0.5
[    4.974730] pciehp: PCI Express Hot Plug Controller Driver version: 0.4
[    4.981792] ACPI: AC Adapter [AC] (on-line)
[    4.984324] input: Power Button as /devices/LNXSYSTM:00/LNXPWRBN:00/input/input0
[    4.987747] ACPI: Power Button [PWRF]
[    4.989039] input: Sleep Button as /devices/LNXSYSTM:00/LNXSLPBN:00/input/input1
[    4.990632] ACPI: Sleep Button [SLPF]
[    4.994726] GHES: HEST is not enabled!
[    4.997015] Serial: 8250/16550 driver, 32 ports, IRQ sharing enabled
[    5.020491] 00:02: ttyS0 at I/O 0x3f8 (irq = 4, base_baud = 115200) is a 16550A
[    5.029932] Linux agpgart interface v0.103
[    5.033884] loop: module loaded
[    5.036499] scsi host0: ata_piix
[    5.037460] scsi host1: ata_piix
[    5.038243] ata1: PATA max UDMA/33 cmd 0x1f0 ctl 0x3f6 bmdma 0xd000 irq 14
[    5.039517] ata2: PATA max UDMA/33 cmd 0x170 ctl 0x376 bmdma 0xd008 irq 15
[    5.040921] libphy: Fixed MDIO Bus: probed
[    5.041863] tun: Universal TUN/TAP device driver, 1.6
[    5.044151] tun: (C) 1999-2004 Max Krasnyansky <maxk@qualcomm.com>
[    5.045275] PPP generic driver version 2.4.2
[    5.046155] ehci_hcd: USB 2.0 'Enhanced' Host Controller (EHCI) Driver
[    5.047292] ehci-pci: EHCI PCI platform driver
[    5.048226] ehci-platform: EHCI generic platform driver
[    5.052155] ohci_hcd: USB 1.1 'Open' Host Controller (OHCI) Driver
[    5.054777] ohci-pci: OHCI PCI platform driver
[    5.055656] ohci-platform: OHCI generic platform driver
[    5.056620] uhci_hcd: USB Universal Host Controller Interface driver
[    5.057778] i8042: PNP: PS/2 Controller [PNP0303:PS2K,PNP0f03:PS2M] at 0x60,0x64 irq 1,12
[    5.070295] serio: i8042 KBD port at 0x60,0x64 irq 1
[    5.082179] serio: i8042 AUX port at 0x60,0x64 irq 12
[    5.096244] mousedev: PS/2 mouse device common for all mice
[    5.114636] rtc_cmos rtc_cmos: rtc core: registered rtc_cmos as rtc0
[    5.127783] input: AT Translated Set 2 keyboard as /devices/platform/i8042/serio0/input/input2
[    5.153810] rtc_cmos rtc_cmos: alarms up to one day, 114 bytes nvram
[    5.179164] i2c /dev entries driver
[    5.188858] device-mapper: uevent: version 1.0.3
[    5.202782] device-mapper: ioctl: 4.34.0-ioctl (2015-10-28) initialised: dm-devel@redhat.com
[    5.221756] ledtrig-cpu: registered to indicate activity on CPUs
[    5.241170] NET: Registered protocol family 10
[    5.263397] NET: Registered protocol family 17
[    5.273619] Key type dns_resolver registered
[    5.297882] microcode: CPU0 sig=0x20655, pf=0x4, revision=0x616
[    5.299461] microcode: CPU1 sig=0x20655, pf=0x4, revision=0x616
[    5.315819] microcode: Microcode Update Driver: v2.01 <tigran@aivazian.fsnet.co.uk>, Peter Oruba
[    5.353257] registered taskstats version 1
[    5.380269] Loading compiled-in X.509 certificates
[    5.384003] Loaded X.509 cert 'Build time autogenerated kernel key: 7431eaeda5a51458aeb00f8de0f18f89e178d882'
[    5.388958] zswap: loaded using pool lzo/zbud
[    5.391793] Key type trusted registered
[    5.397099] Key type encrypted registered
[    5.398167] AppArmor: AppArmor sha1 policy hashing enabled
[    5.399849] ima: No TPM chip found, activating TPM-bypass!
[    5.401367] evm: HMAC attrs: 0x1
[    5.410895]   Magic number: 9:39:642
[    5.415047] rtc_cmos rtc_cmos: setting system clock to 2017-11-23 16:36:35 UTC (1511454995)
[    5.421376] BIOS EDD facility v0.16 2004-Jun-25, 0 devices found
[    5.431762] EDD information not available.
[    5.435030] Freeing unused kernel memory: 1492K
[    5.444613] Write protecting the kernel read-only data: 14336k
[    5.447127] Freeing unused kernel memory: 1744K
[    5.451046] Freeing unused kernel memory: 108K
Loading, please wait...
starting version[    5.462995] random: systemd-udevd: uninitialized urandom read (16 bytes read, 2 bits of entropy available)
 229
[    5.463716] random: udevadm: uninitialized urandom read (16 bytes read, 2 bits of entropy available)
[    5.463734] random: udevadm: uninitialized urandom read (16 bytes read, 2 bits of entropy available)
[    5.471622] random: udevadm: uninitialized urandom read (16 bytes read, 2 bits of entropy available)
[    5.471676] random: udevadm: uninitialized urandom read (16 bytes read, 2 bits of entropy available)
[    5.471838] random: udevadm: uninitialized urandom read (16 bytes read, 2 bits of entropy available)
[    5.471885] random: udevadm: uninitialized urandom read (16 bytes read, 2 bits of entropy available)
[    5.471985] random: udevadm: uninitialized urandom read (16 bytes read, 2 bits of entropy available)
[    5.472064] random: udevadm: uninitialized urandom read (16 bytes read, 2 bits of entropy available)
[    5.472139] random: udevadm: uninitialized urandom read (16 bytes read, 2 bits of entropy available)
[    5.564460] e1000: Intel(R) PRO/1000 Network Driver - version 7.3.21-k8-NAPI
[    5.577769] e1000: Copyright (c) 1999-2006 Intel Corporation.
[    5.580641] Fusion MPT base driver 3.04.20
[    5.581914] Copyright (c) 1999-2008 LSI Corporation
[    5.588078] Fusion MPT SPI Host driver 3.04.20
[    5.629417] SSE version of gcm_enc/dec engaged.
[    5.792112] input: ImExPS/2 Generic Explorer Mouse as /devices/platform/i8042/serio1/input/input4
[    5.920193] tsc: Refined TSC clocksource calibration: 3192.892 MHz
[    5.922903] clocksource: tsc: mask: 0xffffffffffffffff max_cycles: 0x2e060f52426, max_idle_ns: 440795324404 ns
[    5.985080] e1000 0000:00:03.0 eth0: (PCI:33MHz:32-bit) 02:53:17:3c:de:80
[    5.994624] e1000 0000:00:03.0 eth0: Intel(R) PRO/1000 Network Connection
[    5.998021] mptbase: ioc0: Initiating bringup
[    6.071418] ioc0: LSI53C1030 A0: Capabilities={Initiator}
[    6.270679] scsi host2: ioc0: LSI53C1030 A0, FwRev=00000000h, Ports=1, MaxQ=256, IRQ=20
[    6.423620] scsi 2:0:0:0: Direct-Access     VBOX     HARDDISK         1.0  PQ: 0 ANSI: 5
[    6.460439] scsi target2:0:0: Beginning Domain Validation
[    6.469986] scsi target2:0:0: Domain Validation skipping write tests
[    6.483860] scsi target2:0:0: Ending Domain Validation
[    6.492766] scsi target2:0:0: asynchronous
[    6.506127] scsi 2:0:1:0: Direct-Access     VBOX     HARDDISK         1.0  PQ: 0 ANSI: 5
[    6.524506] scsi target2:0:1: Beginning Domain Validation
[    6.536972] scsi target2:0:1: Domain Validation skipping write tests
[    6.578792] scsi target2:0:1: Ending Domain Validation
[    6.587856] scsi target2:0:1: asynchronous
[    6.632181] sd 2:0:0:0: Attached scsi generic sg0 type 0
[    6.658167] sd 2:0:0:0: [sda] 20971520 512-byte logical blocks: (10.7 GB/10.0 GiB)
[    6.686907] sd 2:0:1:0: [sdb] 20480 512-byte logical blocks: (10.5 MB/10.0 MiB)
[    6.731555] sd 2:0:1:0: Attached scsi generic sg1 type 0
[    6.733122] sd 2:0:0:0: [sda] Write Protect is off
[    6.739989] sd 2:0:0:0: [sda] Incomplete mode parameter data
[    6.772249] sd 2:0:0:0: [sda] Assuming drive cache: write through
[    6.777609] sd 2:0:1:0: [sdb] Write Protect is off
[    6.801658] sd 2:0:1:0: [sdb] Incomplete mode parameter data
[    6.803071]  sda: sda1
[    6.803844] sd 2:0:0:0: [sda] Attached SCSI disk
[    6.807460] sd 2:0:1:0: [sdb] Assuming drive cache: write through
[    6.822193] sd 2:0:1:0: [sdb] Attached SCSI disk
[    6.824132] e1000 0000:00:08.0 eth1: (PCI:33MHz:32-bit) 08:00:27:c3:cd:ec
[    6.824135] e1000 0000:00:08.0 eth1: Intel(R) PRO/1000 Network Connection
[    6.849791] e1000 0000:00:03.0 enp0s3: renamed from eth0
[    6.879450] e1000 0000:00:08.0 enp0s8: renamed from eth1
[    8.587381] floppy0: no floppy controllers found
Begin: Loading essential drivers ... [   10.045065] md: linear personality registered for level -1
[   10.050447] md: multipath personality registered for level -4
[   10.069630] md: raid0 personality registered for level 0
[   10.081398] md: raid1 personality registered for level 1
[   10.167274] raid6: sse2x1   gen()  6301 MB/s
[   10.242987] raid6: sse2x1   xor()  2517 MB/s
[   10.311050] raid6: sse2x2   gen()  3526 MB/s
[   10.383082] raid6: sse2x2   xor()  7138 MB/s
[   10.455145] raid6: sse2x4   gen() 10686 MB/s
[   10.535316] raid6: sse2x4   xor()  7761 MB/s
[   10.550389] raid6: using algorithm sse2x4 gen() 10686 MB/s
[   10.552803] raid6: .... xor() 7761 MB/s, rmw enabled
[   10.553718] raid6: using ssse3x2 recovery algorithm
[   10.556456] xor: measuring software checksum speed
[   10.627279]    prefetch64-sse: 13181.000 MB/sec
[   10.702975]    generic_sse: 12953.000 MB/sec
[   10.737649] xor: using function: prefetch64-sse (13181.000 MB/sec)
[   10.748574] async_tx: api initialized (async)
[   10.762556] md: raid6 personality registered for level 6
[   10.769515] md: raid5 personality registered for level 5
[   10.770745] md: raid4 personality registered for level 4
[   10.777833] md: raid10 personality registered for level 10
done.
Begin: Running /scripts/init-premount ... done.
Begin: Mounting root file system ... Begin: Running /scripts/local-top ... done.
Begin: Running /scripts/local-premount ... [   10.817167] Btrfs loaded
Scanning for Btrfs filesystems
done.
Warning: fsck not present, so skipping root file system
[   10.857461] EXT4-fs (sda1): mounted filesystem with ordered data mode. Opts: (null)
done.
Begin: Running /scripts/local-bottom ... done.
Begin: Running /scripts/init-bottom ... done.
[   11.018910] systemd[1]: systemd 229 running in system mode. (+PAM +AUDIT +SELINUX +IMA +APPARMOR +SMACK +SYSVINIT +UTMP +LIBCRYPTSETUP +GCRYPT +GNUTLS +ACL +XZ -LZ4 +SECCOMP +BLKID +ELFUTILS +KMOD -IDN)
[   11.034872] systemd[1]: Detected virtualization oracle.
[   11.043750] systemd[1]: Detected architecture x86-64.

Welcome to [1mUbuntu 16.04.3 LTS[0m!

[   11.059878] systemd[1]: Set hostname to <chef-server>.
[   11.221256] systemd[1]: Set up automount Arbitrary Executable File Formats File System Automount Point.
[[0;32m  OK  [0m] Set up automount Arbitrary Executab...ats File System Automount Point.
[   11.233935] systemd[1]: Listening on Device-mapper event daemon FIFOs.
[[0;32m  OK  [0m] Listening on Device-mapper event daemon FIFOs.
[   11.247497] systemd[1]: Reached target Swap.
[[0;32m  OK  [0m] Reached target Swap.
[   11.252866] systemd[1]: Listening on udev Control Socket.
[[0;32m  OK  [0m] Listening on udev Control Socket.
[   11.263603] systemd[1]: Listening on Journal Socket (/dev/log).
[[0;32m  OK  [0m] Listening on Journal Socket (/dev/log).
[   11.283544] systemd[1]: Listening on Syslog Socket.
[[0;32m  OK  [0m] Listening on Syslog Socket.
[   11.287449] systemd[1]: Listening on Journal Audit Socket.
[[0;32m  OK  [0m] Listening on Journal Audit Socket.
[   11.292461] systemd[1]: Reached target Encrypted Volumes.
[[0;32m  OK  [0m] Reached target Encrypted Volumes.
[   11.295317] systemd[1]: Created slice System Slice.
[[0;32m  OK  [0m] Created slice System Slice.
[   11.300640] systemd[1]: Created slice system-serial\x2dgetty.slice.
[[0;32m  OK  [0m] Created slice system-serial\x2dgetty.slice.
[   11.318662] systemd[1]: Listening on LVM2 poll daemon socket.
[[0;32m  OK  [0m] Listening on LVM2 poll daemon socket.
[   11.323058] systemd[1]: Started Trigger resolvconf update for networkd DNS.
[[0;32m  OK  [0m] Started Trigger resolvconf update for networkd DNS.
[   11.352074] systemd[1]: Created slice User and Session Slice.
[[0;32m  OK  [0m] Created slice User and Session Slice.
[   11.363961] systemd[1]: Reached target Slices.
[[0;32m  OK  [0m] Reached target Slices.
[   11.367796] systemd[1]: Listening on LVM2 metadata daemon socket.
[[0;32m  OK  [0m] Listening on LVM2 metadata daemon socket.
[   11.407726] systemd[1]: Listening on /dev/initctl Compatibility Named Pipe.
[[0;32m  OK  [0m] Listening on /dev/initctl Compatibility Named Pipe.
[   11.447004] systemd[1]: Reached target User and Group Name Lookups.
[[0;32m  OK  [0m] Reached target User and Group Name Lookups.
[   11.494901] systemd[1]: Listening on udev Kernel Socket.
[[0;32m  OK  [0m] Listening on udev Kernel Socket.
[   11.513451] systemd[1]: Listening on Journal Socket.
[[0;32m  OK  [0m] Listening on Journal Socket.
[   11.531625] systemd[1]: Starting Monitoring of LVM2 mirrors, snapshots etc. using dmeventd or progress polling...
         Starting Monitoring of LVM2 mirrors... dmeventd or progress polling...
[   11.583138] systemd[1]: Mounting Debug File System...
         Mounting Debug File System...
[   11.597065] systemd[1]: Mounting POSIX Message Queue File System...
         Mounting POSIX Message Queue File System...
[   11.608235] systemd[1]: Starting Set console keymap...
         Starting Set console keymap...
[   11.632134] systemd[1]: Starting Journal Service...
         Starting Journal Service...
[   11.651466] systemd[1]: Starting Create list of required static device nodes for the current kernel...
         Starting Create list of required st... nodes for the current kernel...
[   11.711319] systemd[1]: Starting Remount Root and Kernel File Systems...
         [   11.725192] EXT4-fs (sda1): re-mounted. Opts: (null)
Starting Remount Root and Kernel File Systems...
[   11.770630] systemd[1]: Mounting Huge Pages File System...
         Mounting Huge Pages File System...
[   11.813574] systemd[1]: Starting Uncomplicated firewall...
         Starting Uncomplicated firewall...
[   11.853462] systemd[1]: Starting Nameserver information manager...
         Starting Nameserver information manager...
[   11.872549] systemd[1]: Starting Load Kernel Modules...
[   11.887390] Loading iSCSI transport class v2.0-870.
         Starting Load Kernel Modules...
[   11.898658] iscsi: registered transport (tcp)
[   11.903573] systemd[1]: Started Forward Password Requests to Wall Directory Watch.
[[0;32m  OK  [0m] Started Forward Password Requests to Wall Directory Watch.
[   11.932166] systemd[1]: Mounted Huge Pages File System.
[[0;32m  OK  [0m] Mounted Huge Pages File System.
[   11.942874] systemd[1]: Mounted Debug File System.
[   11.945869] iscsi: registered transport (iser)
[[0;32m  OK  [0m] Mounted Debug File System.
[   11.949337] systemd[1]: Mounted POSIX Message Queue File System.
[[0;32m  OK  [0m] Mounted POSIX Message Queue File System.
[   11.953310] systemd[1]: Started Journal Service.
[[0;32m  OK  [0m] Started Journal Service.
[[0;32m  OK  [0m] Started Set console keymap.
[[0;32m  OK  [0m] Started Create list of required sta...ce nodes for the current kernel.
[[0;32m  OK  [0m] Started Remount Root and Kernel File Systems.
[[0;32m  OK  [0m] Started Uncomplicated firewall.
[[0;32m  OK  [0m] Started Load Kernel Modules.
[[0;32m  OK  [0m] Started Nameserver information manager.
[[0;32m  OK  [0m] Started LVM2 metadata daemon.
         Starting Apply Kernel Variables...
         Mounting FUSE Control File System...
         Starting Load/Save Random Seed...
         Starting Initial cloud-init job (pre-networking)...
         Starting udev Coldplug all Devices...
         Starting Create Static Device Nodes in /dev...
         Starting Flush Journal to Persistent Storage...
[[0;32m  OK  [0m] Mounted FUSE Control File System.
[[0;32m  OK  [0m] Started Apply Kernel Variables.
[[0;32m  OK  [0m] Started Load/Save Random Seed.
[[0;32m  OK  [0m] Started Create Static Device Nodes in /dev.
         Starting udev Kernel Device Manager...
[[0;32m  OK  [0m] Started Flush Journal to Persistent Storage.
[[0;32m  OK  [0m] Started udev Coldplug all Devices.
[[0;32m  OK  [0m] Started udev Kernel Device Manager.
[[0;32m  OK  [0m] Started Dispatch Password Requests to Console Directory Watch.
[[0;32m  OK  [0m] Started Monitoring of LVM2 mirrors,...ng dmeventd or progress polling.
[[0;32m  OK  [0m] Reached target Local File Systems (Pre).
[[0;32m  OK  [0m] Reached target Local File Systems.
         Starting Set console font and keymap...
         Starting Create Volatile Files and Directories...
         Starting LSB: AppArmor initialization...
         Starting Tell Plymouth To Write Out Runtime Data...
[[0;32m  OK  [0m] Started Tell Plymouth To Write Out Runtime Data.
[[0;32m  OK  [0m] Started Create Volatile Files and Directories.
         Starting Update UTMP about System Boot/Shutdown...
[[0;32m  OK  [0m] Reached target System Time Synchronized.
[[0;32m  OK  [0m] Started LSB: AppArmor initialization.
[[0;32m  OK  [0m] Started Update UTMP about System Boot/Shutdown.
[[0;32m  OK  [0m] Found device /dev/ttyS0.
[[0;32m  OK  [0m] Found device 82540EM Gigabit Ethern...r (PRO/1000 MT Desktop Adapter).
[[0;32m  OK  [0m] Found device 82540EM Gigabit Ethern...r (PRO/1000 MT Desktop Adapter).
[[0;32m  OK  [0m] Started Set console font and keymap.
[[0;32m  OK  [0m] Created slice system-getty.slice.
[[0;32m  OK  [0m] Listening on Load/Save RF Kill Switch Status /dev/rfkill Watch.
[   11.486761] cloud-init[454]: Cloud-init v. 0.7.9 running 'init-local' at Thu, 23 Nov 2017 16:36:43 +0000. Up 11.16 seconds.
[[0;32m  OK  [0m] Started Initial cloud-init job (pre-networking).
[[0;32m  OK  [0m] Reached target Network (Pre).
[[0;32m  OK  [0m] Started ifup for enp0s3.
         Starting Raise network interfaces...
[[0;32m  OK  [0m] Started ifup for enp0s8.
[[0;32m  OK  [0m] Started Raise network interfaces.
         Starting Initial cloud-init job (metadata service crawler)...
[[0;32m  OK  [0m] Reached target Network.
[   14.063111] cloud-init[1055]: Cloud-init v. 0.7.9 running 'init' at Thu, 23 Nov 2017 16:36:46 +0000. Up 13.68 seconds.
[   14.170958] [[0;32m  OK  [0m] Started Initial cloud-init job (metadata service crawler).
cloud-init[1055]: ci-info: ++++++++++++++++++++++++++++++++++++++++++++Net device info+++++++++++++++++++++++++++++++++++++++++++++
[   14.336600] [cloud-init[0;32m  OK  [0m[1055]: ] ci-info: +--------+------+-----------------------------------------+---------------+--------+-------------------+Reached target System Initialization.

[   14.337087] cloud-init[1055]: ci-info: | Device |  Up  |                 Address                 |      Mask     | Scope  |     Hw-Address    |
[   14.520376]          cloud-initStarting LXD - unix socket.[1055]: 
ci-info: +--------+------+-----------------------------------------+---------------+--------+-------------------+
[   14.545517] [cloud-init[0;32m  OK  [0m[1055]: ] ci-info: | enp0s3 | True |                10.0.2.15                | 255.255.255.0 |   .    | 02:53:17:3c:de:80 |Started Daily Cleanup of Temporary Directories.

[   14.546100] cloud-init[1055]: ci-info: | enp0s3 | True |        fe80::53:17ff:fe3c:de80/64       |       .       |  link  | 02:53:17:3c:de:80 |
         Starting Socket activation for snappy daemon.
[   14.568279] cloud-init[1055]: ci-info: | enp0s8 | True |               192.168.40.1              | 255.255.255.0 |   .    | 08:00:27:c3:cd:ec |
[[0;32m  OK  [0m] Listening on ACPID Listen Socket.
[[0;32m  OK  [0m] Listening on D-Bus System Message Bus Socket.
[   14.588838] cloud-init[1055]: ci-info: | enp0s8 | True | 2601:408:502:1a50:a00:27ff:fec3:cdec/64 |       .       | global | 08:00:27:c3:cd:ec |
[   14.644692] cloud-init[1055]: ci-info: |   lo   | True |                127.0.0.1                |   255.0.0.0   |   .    |         .         |
[[0;32m  OK  [0m] Started ACPI Events Check.
[[0;32m  OK  [0m] Reached target Paths.
[   14.645266] cloud-init[1055]: ci-info: |   lo   | True |                 ::1/128                 |       .       |  host  |         .         |
[   14.944575] [cloud-init[0;32m  OK  [0m[1055]: ] ci-info: +--------+------+-----------------------------------------+---------------+--------+-------------------+Started Timer to automatically refresh installed snaps.

[[0;32m  OK  [0m] Listening on UUID daemon activation socket.
[[   14.945093] [0;32m  OK  [0mcloud-init] [1055]: Reached target Cloud-config availability.ci-info: ++++++++++++++++++++++++++++Route IPv4 info++++++++++++++++++++++++++++

[   15.133723] [cloud-init[0;32m  OK  [0m[1055]: ] ci-info: +-------+--------------+----------+---------------+-----------+-------+Reached target Network is Online.

[[0;32m  OK  [0m] Started Daily apt download activities.
[[0;32m  OK  [0m] Started Daily apt upgrade and clean activities.
[   15.134193] cloud-init[1055]: ci-info: | Route | Destination  | Gateway  |    Genmask    | Interface | Flags |
[   15.336735] [cloud-init[0;32m  OK  [0m[1055]: ] ci-info: +-------+--------------+----------+---------------+-----------+-------+Reached target Timers.

[   15.337338] cloud-init[1055]: ci-info: |   0   |   0.0.0.0    | 10.0.2.2 |    0.0.0.0    |   enp0s3  |   UG  |
[   15.516955]          cloud-initStarting iSCSI initiator daemon (iscsid)...[1055]: 
ci-info: |   1   |   10.0.2.0   | 0.0.0.0  | 255.255.255.0 |   enp0s3  |   U   |
[   15.517594] cloud-init[1055]: ci-info: |   2   | 192.168.40.0 | 0.0.0.0  | 255.255.255.0 |   enp0s8  |   U   |
[   15.584447] [[0;32m  OK  [0m] Listening on LXD - unix socket.
[[0;32m  OK  [0m] Listening on Socket activation for snappy daemon.
cloud-init[1055]: ci-info: +-------+--------------+----------+---------------+-----------+-------+
[[0;32m  OK  [0m] Started iSCSI initiator daemon (iscsid).
         Starting Login to default iSCSI targets...
[[0;32m  OK  [0m] Reached target Sockets.
[[0;32m  OK  [0m] Reached target Basic System.
         Starting System Logging Service...
[[0;32m  OK  [0m] Started Regular background program processing daemon.
         Starting vboxadd.service...
         Starting LSB: Record successful boot for GRUB...
[[0;32m  OK  [0m] Started D-Bus System Message Bus.
         Starting LSB: MD monitoring daemon...
         Starting Accounts Service...
         Starting vboxadd-x11.service...
         Starting LXD - container startup/shutdown...
[[0;32m  OK  [0m] Started FUSE filesystem for LXC.
         Starting Apply the settings specified in cloud-config...
         Starting Snappy daemon...
         Starting Login Service...
         Starting OpenBSD Secure Shell server...
[[0;32m  OK  [0m] Started private_chef Runit Process Supervisor.
         Starting /etc/rc.local Compatibility...
[[0;32m  OK  [0m] Started ACPI event daemon.
[[0;32m  OK  [0m] Started Deferred execution scheduler.
[[0;32m  OK  [0m] Started Unattended Upgrades Shutdown.
[[0;32m  OK  [0m] Started System Logging Service.
[[0;32m  OK  [0m] Started /etc/rc.local Compatibility.
[[0;32m  OK  [0m] Started vboxadd.service.
[[0;32m  OK  [0m] Started vboxadd-x11.service.
[[0;32m  OK  [0m] Started OpenBSD Secure Shell server.
[[0;32m  OK  [0m] Started Login to default iSCSI targets.
[[0;32m  OK  [0m] Started LSB: Record successful boot for GRUB.
[[0;32m  OK  [0m] Started LSB: MD monitoring daemon.
[[0;32m  OK  [0m] Started Login Service.
         Starting Authenticate and Authorize Users to Run Privileged Tasks...
[[0;32m  OK  [0m] Reached target Remote File Systems (Pre).
[[0;32m  OK  [0m] Reached target Remote File Systems.
         Starting Permit User Sessions...
         Starting LSB: Set the CPU Frequency Scaling governor to "ondemand"...
         Starting LSB: automatic crash report generation...
         Starting LSB: daemon to balance interrupts for SMP systems...
         Starting vboxadd-service.service...
[[0;32m  OK  [0m] Started Snappy daemon.
[[0;32m  OK  [0m] Started LXD - container startup/shutdown.
[[0;32m  OK  [0m] Started Permit User Sessions.
[[0;32m  OK  [0m] Started vboxadd-service.service.
[[0;32m  OK  [0m] Started Authenticate and Authorize Users to Run Privileged Tasks.
[[0;32m  OK  [0m] Started Accounts Service.
         Starting Terminate Plymouth Boot Screen...
         Starting Hold until boot process finishes up...
[[0;32m  OK  [0m] Started LSB: Set the CPU Frequency Scaling governor to "ondemand".
[[0;32m  OK  [0m] Started Terminate Plymouth Boot Screen.
[[0;32m  OK  [0m] Started Hold until boot process finishes up.
         Starting Set console scheme...
[[0;32m  OK  [0m] Started Getty on tty1.
[[0;32m  OK  [0m] Started Serial Getty on ttyS0.
[[0;32m  OK  [0m] Reached target Login Prompts.
[[0;32m  OK  [0m] Started LSB: automatic crash report generation.
[[0;32m  OK  [0m] Started LSB: daemon to balance interrupts for SMP systems.
[[0;32m  OK  [0m] Started Set console scheme.
[[0;32m  OK  [0m] Reached target Multi-User System.
[[0;32m  OK  [0m] Reached target Graphical Interface.
         Starting Update UTMP about System Runlevel Changes...
[[0;32m  OK  [0m] Started Update UTMP about System Runlevel Changes.
[   17.680167] cloud-init[1187]: Cloud-init v. 0.7.9 running 'modules:config' at Thu, 23 Nov 2017 16:36:49 +0000. Up 16.77 seconds.
[[0;32m  OK  [0m] Started Apply the settings specified in cloud-config.
         Starting Execute cloud user/final scripts...
[   18.872066] cloud-init[1588]: Cloud-init v. 0.7.9 running 'modules:final' at Thu, 23 Nov 2017 16:36:50 +0000. Up 18.51 seconds.
[   18.926590] cloud-init[1588]: Cloud-init v. 0.7.9 finished at Thu, 23 Nov 2017 16:36:51 +0000. Datasource DataSourceNoCloud [seed=/dev/sdb][dsmode=net].  Up 18.85 seconds
[[0;32m  OK  [0m] Started Execute cloud user/final scripts.
[[0;32m  OK  [0m] Reached target Cloud-init target.

Ubuntu 16.04.3 LTS chef-server ttyS0

chef-server login: 